20250818
20250819
20250820
20250822
20250825
20250826
20250827
20250828
20250829
20250901
20250902
20250903
20250904
20250905
20250908
20250909
20250910
20250911
20250912
20250915
20250916
20250917
20250918
20250919
20250922
20250923
20250924
20250925
20250926
20250929
20250930
20251001
20251002
20251003
20251006
20251007
20251008
20251009

20251010
20251013
20251014
20251015
20251016
20251017
20251020
20251021
20251023
20251024
20251027
20251028
20251029
20251030
20251031
20251103
20251104
20251105
20251107
20251110
20251111
20251112
20251113
20251114
20251117
20251118
20251119
20251120
20251121
20251125
20251126
20251127
20251128
20251201
20251202
20251203
20251204
20251205
20251208
20251209
20251210
20251212
20251215
20251216
20251219
20251222
20251223
20251224
20251225
20251226
20251229
20251230
20251231
20260101
20260102
20260105
20260106
20260107
20260108
20260109
20260112
20260113
20260114
20260115
20260116
20260119
20260120
20260121
20260122
20260123
20260126
20260127
20260128
20260129
20260130
20260204
20260205
20260206
20260209
20260210
20260211
20260212
20260213
20260216
20260217
20260218
20260219
20260223
20260224
20260225
20260226
20260227
20260302
20260303
20260304
20260305
20260306
20260309
20260310
20260311
20260312
20260313
20260316
20260317
20260318
20260319
20260323
20260325
20260326
20260327
20260330
20260331
20260402
20260403
20260406
20260408
20260409
20260410
20260413
20260414
20260415
20260416
20260420
20260421
20260422
20260423
20260424
20260427
20260428
20260429
20260430
20260501
20260504
20260505
20260506
20260507
20260508
20260511
20260512
20260513
20260514
20260515
20260518
20260519
20260520
